#-----------------------------------------------------------
# Vivado v2022.2 (64-bit)
# SW Build 3671981 on Fri Oct 14 05:00:03 MDT 2022
# IP Build 3669848 on Fri Oct 14 08:30:02 MDT 2022
# Start of session at: Sun Apr 28 13:09:32 2024
# Process ID: 18424
# Current directory: C:/Users/pc/OneDrive/Masaüstü/Yildirim-Mikrotek/yildirim_mikrotek
# Command line: vivado.exe -gui_launcher_event rodinguilauncherevent20192 C:\Users\pc\OneDrive\Masaüstü\Yildirim-Mikrotek\yildirim_mikrotek\yildirim_mikrotek.xpr
# Log file: C:/Users/pc/OneDrive/Masaüstü/Yildirim-Mikrotek/yildirim_mikrotek/vivado.log
# Journal file: C:/Users/pc/OneDrive/Masaüstü/Yildirim-Mikrotek/yildirim_mikrotek\vivado.jou
# Running On: DESKTOP-QSTFQSO, OS: Windows, CPU Frequency: 2592 MHz, CPU Physical cores: 6, Host memory: 17030 MB
#-----------------------------------------------------------
start_gui
open_project C:/Users/pc/OneDrive/Masaüstü/Yildirim-Mikrotek/yildirim_mikrotek/yildirim_mikrotek.xpr
update_compile_order -fileset sources_1
close [ open C:/Users/pc/OneDrive/Masaüstü/Yildirim-Mikrotek/yildirim_mikrotek/yildirim_mikrotek.srcs/sources_1/new/axi_master.v w ]
add_files C:/Users/pc/OneDrive/Masaüstü/Yildirim-Mikrotek/yildirim_mikrotek/yildirim_mikrotek.srcs/sources_1/new/axi_master.v
update_compile_order -fileset sources_1
close [ open C:/Users/pc/OneDrive/Masaüstü/Yildirim-Mikrotek/yildirim_mikrotek/yildirim_mikrotek.srcs/sources_1/new/operations.vh w ]
add_files C:/Users/pc/OneDrive/Masaüstü/Yildirim-Mikrotek/yildirim_mikrotek/yildirim_mikrotek.srcs/sources_1/new/operations.vh
update_compile_order -fileset sources_1
